src/scripts/seed_catalog_from_mock.ts(78,62): error TS2339: Property 'categories' does not exist on type '{}'.
src/scripts/seed_catalog_from_mock.ts(79,58): error TS2339: Property 'products' does not exist on type '{}'.
src/scripts/seed_catalog_from_mock.ts(80,56): error TS2339: Property 'reviews' does not exist on type '{}'.
