
> warranty-backend@1.0.0 test
> jest src/services/otp.service.test.ts

node.exe : ts-jest[config] (WARN) 
At line:1 char:1
+ & "C:\Program Files\nodejs/node.exe" 
"C:\Program Files\nodejs/node_mo ...
+ ~~~~~~~~~~~~~~~~~~~~~~~~~~~~~~~~~~~~~~~~
~~~~~~~~~~~~~~~~~~~~~~~~~~~~~
    + CategoryInfo          : NotSpecifie 
   d: (ts-jest[config] (WARN) :String) [  
  ], RemoteException
    + FullyQualifiedErrorId : NativeComma 
   ndError
 
    The "ts-jest" config option 
"isolatedModules" is deprecated and will 
be removed in v30.0.0. Please use 
"isolatedModules: true" in 
C:/Warranty_form/server/tsconfig.json 
instead, see https://www.typescriptlang.or
g/tsconfig/#isolatedModules
  
FAIL src/services/otp.service.test.ts
  ΓùÅ Test suite failed to run

    Jest encountered an unexpected token

    Jest failed to parse a file. This 
happens e.g. when your code or its 
dependencies use non-standard JavaScript 
syntax, or when Jest is not configured to 
support such syntax.

    Out of the box Jest supports Babel, 
which will be used to transform your 
files into valid JS based on your Babel 
configuration.

    By default "node_modules" folder is 
ignored by transformers.

    Here's what you can do:
     ΓÇó If you are trying to use 
ECMAScript Modules, see 
https://jestjs.io/docs/ecmascript-modules 
for how to enable it.
     ΓÇó If you are trying to use 
TypeScript, see https://jestjs.io/docs/get
ting-started#using-typescript
     ΓÇó To have some of your 
"node_modules" files transformed, you can 
specify a custom 
"transformIgnorePatterns" in your config.
     ΓÇó If you need a custom 
transformation, specify a "transform" 
option in your config.
     ΓÇó If you simply want to mock your 
non-JS modules (e.g. binary assets) you 
can stub them out with the 
"moduleNameMapper" config option.

    You'll find more details and examples 
of these config options in the docs:
    https://jestjs.io/docs/configuration
    For information about custom 
transformations, see:
    
https://jestjs.io/docs/code-transformation

    Details:

    C:\Warranty_form\server\src\services\o
tp.service.test.ts:6
    import { OTPService } from 
'./otp.service.js';
    ^^^^^^

    SyntaxError: Cannot use import 
statement outside a module

      at Runtime.createScriptFromCode (nod
e_modules/jest-runtime/build/index.js:1318
:40)

Test Suites: 1 failed, 1 total
Tests:       0 total
Snapshots:   0 total
Time:        1.122 s
Ran all test suites matching 
src/services/otp.service.test.ts.
Force exiting Jest: Have you considered 
using `--detectOpenHandles` to detect 
async operations that kept running after 
all tests finished?
